# Golden finding set — generated, do not hand-edit.
#
# Regenerate with: ./compat/golden/regen.sh paralleltest
# Produced by running golangci-lint on compat/golden/cases/paralleltest/.
# key = path:line:col:linter:severity:text  (no normalization; \n is escaped)

# golangci-lint: 2.12.2

bad_test.go:10:1:paralleltest::Function TestMissingParallel missing the call to method parallel\n
bad_test.go:20:2:paralleltest::Function TestRunsMissingParallel missing the call to method parallel in the test run\n
bad_test.go:23:2:paralleltest::Function TestRunsMissingParallel missing the call to method parallel in the test run\n
bad_test.go:34:2:paralleltest::Range statement for test TestRangeMissingParallel missing the call to method parallel in test Run\n
bad_test.go:63:2:paralleltest::Function TestDeferWithParallel uses defer with t.Parallel, use t.Cleanup instead to ensure cleanup runs after parallel subtests complete
