# Golden finding set — generated, do not hand-edit.
#
# Regenerate with: ./compat/golden/regen.sh iface-gcl-all
# Produced by running golangci-lint on compat/golden/cases/iface-gcl-all/.
# key = path:line:col:linter:severity:text  (no normalization; \n is escaped)

# golangci-lint: 2.14.0

iface_all.go:9:6:iface::identical: interface 'Pinger' contains identical methods or type constraints with another interface, causing redundancy (see: Healthcheck)
iface_all.go:9:6:iface::unused: interface 'Pinger' is declared but not used within the package
iface_all.go:13:6:iface::identical: interface 'Healthcheck' contains identical methods or type constraints with another interface, causing redundancy (see: Pinger)
iface_all.go:13:6:iface::unused: interface 'Healthcheck' is declared but not used within the package
iface_all.go:31:29:iface::opaque: 'NewServer' function return 'Server' interface at the 1st result, abstract a single concrete implementation of '*server'
iface_all.go:42:6:iface::unused: interface 'UserRepository' is declared but not used within the package
