# Golden finding set — generated, do not hand-edit.
#
# Regenerate with: ./compat/golden/regen.sh sqlclosecheck-imports
# Produced by running golangci-lint on compat/golden/cases/sqlclosecheck-imports/.
# key = path:line:col:linter:severity:text  (no normalization; \n is escaped)

# golangci-lint: 2.12.2

direct/direct.go:10:23:sqlclosecheck::Rows/Stmt/NamedStmt was not closed
