# Golden finding set — generated, do not hand-edit.
#
# Regenerate with: ./compat/golden/regen.sh varnamelen
# Produced by running golangci-lint on compat/golden/cases/varnamelen/.
# key = path:line:col:linter:severity:text  (no normalization; \n is escaped)

# golangci-lint: 2.12.2

bad.go:13:2:varnamelen::variable name 'n' is too short for the scope of its usage
bad.go:24:8:varnamelen::constant name 'c' is too short for the scope of its usage
bad.go:34:16:varnamelen::parameter name 'p' is too short for the scope of its usage
bad.go:44:21:varnamelen::return value name 'r' is too short for the scope of its usage
bad.go:55:20:varnamelen::type parameter name 'T' is too short for the scope of its usage
bad.go:55:27:varnamelen::parameter name 'v' is too short for the scope of its usage
