# Golden finding set — generated, do not hand-edit.
#
# Regenerate with: ./compat/golden/regen.sh gocritic-disable-all
# Produced by running golangci-lint on compat/golden/cases/gocritic-disable-all/.
# key = path:line:col:linter:severity:text  (no normalization; \n is escaped)

# golangci-lint: 2.12.2

settings.go:52:2:gocritic::rangeValCopy: each iteration copies 256 bytes (consider pointers or indexing)
