# Golden finding set — generated, do not hand-edit.
#
# Regenerate with: ./compat/golden/regen.sh nakedret
# Produced by running golangci-lint on compat/golden/cases/nakedret/.
# key = path:line:col:linter:severity:text  (no normalization; \n is escaped)

# golangci-lint: 2.12.2

bad.go:5:2:nakedret::naked return in func `Bad` with 3 lines of code
bad.go:14:2:nakedret::naked return in func `AlsoBad` with 5 lines of code
bad.go:24:2:nakedret::naked return in func `GroupedNames` with 5 lines of code
