# Golden finding set — generated, do not hand-edit.
#
# Regenerate with: ./compat/golden/regen.sh generated-lax
# Produced by running golangci-lint on compat/golden/cases/generated-lax/.
# key = path:line:col:linter:severity:text  (no normalization; \n is escaped)

# golangci-lint: 2.12.2

plain/plain.go:9:7:errcheck::Error return value is not checked
