# Golden finding set — generated, do not hand-edit.
#
# Regenerate with: ./compat/golden/regen.sh promlinter
# Produced by running golangci-lint on compat/golden/cases/promlinter/.
# key = path:line:col:linter:severity:text  (no normalization; \n is escaped)

# golangci-lint: 2.12.2

bad.go:6:28:promlinter::Metric: requests Error: counter metrics should have "_total" suffix
bad.go:12:26:promlinter::Metric: queue_depth Error: no help text
bad.go:16:28:promlinter::Metric: requests_made Error: counter metrics should have "_total" suffix
bad.go:20:30:promlinter::Metric: latency_milliseconds Error: use base unit "seconds" instead of "milliseconds"
bad.go:27:26:promlinter::Metric: queueDepth Error: metric names should be written in 'snake_case' not 'camelCase'
