# Golden finding set — generated, do not hand-edit.
#
# Regenerate with: ./compat/golden/regen.sh gosec-global-alternative
# Produced by running golangci-lint on compat/golden/cases/gosec-global-alternative/.
# key = path:line:col:linter:severity:text  (no normalization; \n is escaped)

# golangci-lint: 2.14.0

global.go:15:23:gosec:high:G404: Use of weak random number generator (math/rand or math/rand/v2 instead of crypto/rand)
global.go:17:23:gosec:high:G404: Use of weak random number generator (math/rand or math/rand/v2 instead of crypto/rand)
