# Golden finding set — generated, do not hand-edit.
#
# Regenerate with: ./compat/golden/regen.sh iface-gcl-unused
# Produced by running golangci-lint on compat/golden/cases/iface-gcl-unused/.
# key = path:line:col:linter:severity:text  (no normalization; \n is escaped)

# golangci-lint: 2.14.0

iface_unused.go:9:6:iface::unused: interface 'Pinger' is declared but not used within the package
iface_unused.go:13:6:iface::unused: interface 'Healthcheck' is declared but not used within the package
iface_unused.go:42:6:iface::unused: interface 'UserRepository' is declared but not used within the package
