# Golden finding set — generated, do not hand-edit.
#
# Regenerate with: ./compat/golden/regen.sh gochecknoinits
# Produced by running golangci-lint on compat/golden/cases/gochecknoinits/.
# key = path:line:col:linter:severity:text  (no normalization; \n is escaped)

# golangci-lint: 2.12.2

bad.go:3:1:gochecknoinits::don't use `init` function
bad.go:10:1:gochecknoinits::don't use `init` function
