# Golden finding set — generated, do not hand-edit.
#
# Regenerate with: ./compat/golden/regen.sh importas
# Produced by running golangci-lint on compat/golden/cases/importas/.
# key = path:line:col:linter:severity:text  (no normalization; \n is escaped)

# golangci-lint: 2.12.2

bad.go:4:2:importas::import "fmt" imported as "f" but must be "fmtpkg" according to config
bad.go:5:2:importas::import "strings" imported without alias but must be with alias "str" according to config
