# Golden finding set — generated, do not hand-edit.
#
# Regenerate with: ./compat/golden/regen.sh prealloc
# Produced by running golangci-lint on compat/golden/cases/prealloc/.
# key = path:line:col:linter:severity:text  (no normalization; \n is escaped)

# golangci-lint: 2.12.2

bad.go:4:6:prealloc::Consider preallocating out with capacity n
bad.go:17:6:prealloc::Consider preallocating out with capacity len(a)/2 + len(b)
bad.go:25:6:prealloc::Consider preallocating out with capacity n*2 + len(a)
bad.go:34:6:prealloc::Consider preallocating out with capacity len(a) - 1
bad.go:45:6:prealloc::Consider preallocating out with capacity len(xs)
