# Golden finding set — generated, do not hand-edit.
#
# Regenerate with: ./compat/golden/regen.sh sqlclosecheck
# Produced by running golangci-lint on compat/golden/cases/sqlclosecheck/.
# key = path:line:col:linter:severity:text  (no normalization; \n is escaped)

# golangci-lint: 2.12.2

bad.go:6:23:sqlclosecheck::Rows/Stmt/NamedStmt was not closed
