# Golden finding set — generated, do not hand-edit.
#
# Regenerate with: ./compat/golden/regen.sh staticcheck-sa1019-protoc-gen-go
# Produced by running golangci-lint on compat/golden/cases/staticcheck-sa1019-protoc-gen-go/.
# key = path:line:col:linter:severity:text  (no normalization; \n is escaped)

# golangci-lint: 2.12.2

use/mock.go:5:15:staticcheck::SA1019: "github.com/golang/protobuf/proto" is deprecated: Use the "google.golang.org/protobuf/proto" package instead. 
use/plain.go:5:8:staticcheck::SA1019: "github.com/golang/protobuf/proto" is deprecated: Use the "google.golang.org/protobuf/proto" package instead. 
