# Golden finding set — generated, do not hand-edit.
#
# Regenerate with: ./compat/golden/regen.sh predeclared
# Produced by running golangci-lint on compat/golden/cases/predeclared/.
# key = path:line:col:linter:severity:text  (no normalization; \n is escaped)

# golangci-lint: 2.12.2

bad.go:3:6:predeclared::function len has same name as predeclared identifier
bad.go:6:2:predeclared::variable error has same name as predeclared identifier
