# Golden finding set — generated, do not hand-edit.
#
# Regenerate with: ./compat/golden/regen.sh gocognit
# Produced by running golangci-lint on compat/golden/cases/gocognit/.
# key = path:line:col:linter:severity:text  (no normalization; \n is escaped)

# golangci-lint: 2.12.2

bad.go:3:1:gocognit::cognitive complexity 16 of func `Bad` is high (> 5)
bad.go:27:1:gocognit::cognitive complexity 7 of func `AlsoBad` is high (> 5)
