# Golden finding set — generated, do not hand-edit.
#
# Regenerate with: ./compat/golden/regen.sh golines
# Produced by running golangci-lint on compat/golden/cases/golines/.
# key = path:line:col:linter:severity:text  (no normalization; \n is escaped)

# golangci-lint: 2.12.2

bad.go:7:1:golines::File is not properly formatted
