# Golden finding set — generated, do not hand-edit.
#
# Regenerate with: ./compat/golden/regen.sh canonicalheader
# Produced by running golangci-lint on compat/golden/cases/canonicalheader/.
# key = path:line:col:linter:severity:text  (no normalization; \n is escaped)

# golangci-lint: 2.12.2

bad.go:6:12:canonicalheader::non-canonical header "content-type", instead use: "Content-Type"
bad.go:14:8:canonicalheader::non-canonical header "accept-encoding", instead use: "Accept-Encoding"
bad.go:15:8:canonicalheader::non-canonical header "user-agent", instead use: "User-Agent"
bad.go:16:15:canonicalheader::non-canonical header "if-none-match", instead use: "If-None-Match"
fieldonly/fieldonly.go:13:19:canonicalheader::non-canonical header "content-type", instead use: "Content-Type"
fieldonly/fieldonly.go:14:22:canonicalheader::non-canonical header "if-none-match", instead use: "If-None-Match"
