# Golden finding set — generated, do not hand-edit.
#
# Regenerate with: ./compat/golden/regen.sh durationcheck
# Produced by running golangci-lint on compat/golden/cases/durationcheck/.
# key = path:line:col:linter:severity:text  (no normalization; \n is escaped)

# golangci-lint: 2.12.2

bad.go:6:9:durationcheck::Multiplication of durations: `d * time.Second`
bad.go:12:9:durationcheck::Multiplication of durations: `time.Second * d`
bad.go:16:9:durationcheck::Multiplication of durations: `a * b`
