# Golden finding set — generated, do not hand-edit.
#
# Regenerate with: ./compat/golden/regen.sh tagliatelle
# Produced by running golangci-lint on compat/golden/cases/tagliatelle/.
# key = path:line:col:linter:severity:text  (no normalization; \n is escaped)

# golangci-lint: 2.12.2

bad.go:8:17:tagliatelle::json(camel): got 'UserId' want 'userId'
bad.go:9:17:tagliatelle::yaml(snake): got 'UserAge' want 'user_age'
bad.go:10:17:tagliatelle::xml(kebab): got 'Name' want 'name'
bad.go:11:17:tagliatelle::mapstructure(upperSnake): got 'Extra' want 'EXTRA'
bad.go:25:11:tagliatelle::json(camel): got 'Name2' want 'name2'
bad.go:25:11:tagliatelle::mapstructure(upperSnake): got 'H2C' want 'H2_C'
bad.go:25:11:tagliatelle::xml(kebab): got 'A1B2' want 'a1-b2'
bad.go:25:11:tagliatelle::yaml(snake): got 'Foo2Bar' want 'foo2_bar'
bad.go:26:11:tagliatelle::header(header): got 'Foo2Bar' want 'Foo2-Bar'
bad.go:26:11:tagliatelle::json(camel): got 'HTTP2Server' want 'http2Server'
bad.go:26:11:tagliatelle::mapstructure(upperSnake): got 'A2b' want 'A2B'
bad.go:26:11:tagliatelle::xml(kebab): got 'ABC2' want 'abc2'
bad.go:26:11:tagliatelle::yaml(snake): got 'IPv4' want 'i_pv4'
bad.go:27:11:tagliatelle::header(header): got 'A1B2' want 'A1-B2'
bad.go:27:11:tagliatelle::json(camel): got 'A2b' want 'a2b'
bad.go:27:11:tagliatelle::mapstructure(upperSnake): got 'IPv4' want 'I_PV4'
bad.go:27:11:tagliatelle::xml(kebab): got 'HTTP2Server' want 'http2-server'
bad.go:27:11:tagliatelle::yaml(snake): got 'Name22' want 'name22'
bad.go:28:11:tagliatelle::header(header): got 'H2C' want 'H2-C'
bad.go:28:11:tagliatelle::json(camel): got 'X2' want 'x2'
bad.go:28:11:tagliatelle::mapstructure(upperSnake): got 'Foo2Bar' want 'FOO2_BAR'
bad.go:28:11:tagliatelle::xml(kebab): got 'Name2' want 'name2'
bad.go:28:11:tagliatelle::yaml(snake): got 'H2C' want 'h2_c'
bad.go:29:11:tagliatelle::header(header): got 'HTTP2Server' want 'Http2-Server'
bad.go:29:11:tagliatelle::mapstructure(upperSnake): got 'Name2' want 'NAME2'
bad.go:29:11:tagliatelle::xml(kebab): got 'Foo2' want 'foo2'
bad.go:29:11:tagliatelle::yaml(snake): got 'ABC2' want 'abc2'
bad.go:30:11:tagliatelle::header(header): got 'IPv4' want 'I-Pv4'
bad.go:30:11:tagliatelle::json(camel): got 'IPv4' want 'iPv4'
bad.go:30:11:tagliatelle::xml(kebab): got 'A2b' want 'a2b'
bad.go:30:11:tagliatelle::yaml(snake): got 'A1B2' want 'a1_b2'
