# Golden finding set — generated, do not hand-edit.
#
# Regenerate with: ./compat/golden/regen.sh rowserrcheck
# Produced by running golangci-lint on compat/golden/cases/rowserrcheck/.
# key = path:line:col:linter:severity:text  (no normalization; \n is escaped)

# golangci-lint: 2.12.2

bad.go:6:23:rowserrcheck::rows.Err must be checked
bad.go:19:23:rowserrcheck::rows.Err must be checked
