# Golden finding set — generated, do not hand-edit.
#
# Regenerate with: ./compat/golden/regen.sh exhaustive
# Produced by running golangci-lint on compat/golden/cases/exhaustive/.
# key = path:line:col:linter:severity:text  (no normalization; \n is escaped)

# golangci-lint: 2.12.2

bad.go:16:2:exhaustive::missing cases in switch of type p.Color: p.Blue
bad.go:25:13:exhaustive::missing keys in map of key type p.Color: p.Blue
