# Golden finding set — generated, do not hand-edit.
#
# Regenerate with: ./compat/golden/regen.sh iotamixing
# Produced by running golangci-lint on compat/golden/cases/iotamixing/.
# key = path:line:col:linter:severity:text  (no normalization; \n is escaped)

# golangci-lint: 2.12.2

bad.go:3:1:iotamixing::iota mixing. keep iotas in separate blocks to consts with r-val
bad.go:11:1:iotamixing::iota mixing. keep iotas in separate blocks to consts with r-val
bad.go:17:1:iotamixing::iota mixing. keep iotas in separate blocks to consts with r-val
