# Golden finding set — generated, do not hand-edit.
#
# Regenerate with: ./compat/golden/regen.sh staticcheck-sa1019-promoted-field
# Produced by running golangci-lint on compat/golden/cases/staticcheck-sa1019-promoted-field/.
# key = path:line:col:linter:severity:text  (no normalization; \n is escaped)

# golangci-lint: 2.12.2

use.go:15:28:staticcheck::SA1019: b.Old is deprecated: base field message. 
use.go:17:38:staticcheck::SA1019: w.Old is deprecated: base field message. 
use.go:19:39:staticcheck::SA1019: w.Old is deprecated: base field message. 
use.go:21:50:staticcheck::SA1019: w.Old is deprecated: base field message. 
use.go:24:48:staticcheck::SA1019: o.DeepOld is deprecated: deep field message. 
use.go:26:41:staticcheck::SA1019: h.Cfg.Old is deprecated: base field message. 
use.go:28:37:staticcheck::SA1019: w.Base.Old is deprecated: base field message. 
use.go:28:39:staticcheck::QF1008: could remove embedded field "Base" from selector
