# Golden finding set — generated, do not hand-edit.
#
# Regenerate with: ./compat/golden/regen.sh noctx
# Produced by running golangci-lint on compat/golden/cases/noctx/.
# key = path:line:col:linter:severity:text  (no normalization; \n is escaped)

# golangci-lint: 2.12.2

bad.go:6:20:noctx::net/http.Get must not be called. use net/http.NewRequestWithContext and (*net/http.Client).Do(*http.Request)
