# Golden finding set — generated, do not hand-edit.
#
# Regenerate with: ./compat/golden/regen.sh exhaustruct-v5-allow-empty-patterns
# Produced by running golangci-lint on compat/golden/cases/exhaustruct-v5-allow-empty-patterns/.
# key = path:line:col:linter:severity:text  (no normalization; \n is escaped)

# golangci-lint: 2.14.0

config/allow_empty/patterns/patterns.go:37:6:exhaustruct_v5::patterns.ForbiddenStruct is missing fields A, B
config/allow_empty/patterns/patterns.go:38:7:exhaustruct_v5::patterns.ForbiddenStruct is missing fields A, B
config/allow_empty/patterns/patterns.go:42:9:exhaustruct_v5::patterns.ForbiddenStruct is missing fields A, B
