# Golden finding set — generated, do not hand-edit.
#
# Regenerate with: ./compat/golden/regen.sh gomoddirectives
# Produced by running golangci-lint on compat/golden/cases/gomoddirectives/.
# key = path:line:col:linter:severity:text  (no normalization; \n is escaped)

# golangci-lint: 2.12.2

go.mod:5:1:gomoddirectives::local replacement are not allowed: example.com/x
