# Golden finding set — generated, do not hand-edit.
#
# Regenerate with: ./compat/golden/regen.sh mirror
# Produced by running golangci-lint on compat/golden/cases/mirror/.
# key = path:line:col:linter:severity:text  (no normalization; \n is escaped)

# golangci-lint: 2.12.2

bad.go:11:9:mirror::avoid allocations with bytes.Contains
