# Golden finding set — generated, do not hand-edit.
#
# Regenerate with: ./compat/golden/regen.sh cyclop
# Produced by running golangci-lint on compat/golden/cases/cyclop/.
# key = path:line:col:linter:severity:text  (no normalization; \n is escaped)

# golangci-lint: 2.12.2

bad.go:1:1:cyclop::the average complexity for the package p is 14.500000, max is 0.500000
bad.go:3:1:cyclop::calculated cyclomatic complexity for function Bad is 12, max is 10
bad.go:31:1:cyclop::calculated cyclomatic complexity for function AlsoBad is 17, max is 10
