# Golden finding set — generated, do not hand-edit.
#
# Regenerate with: ./compat/golden/regen.sh asciicheck
# Produced by running golangci-lint on compat/golden/cases/asciicheck/.
# key = path:line:col:linter:severity:text  (no normalization; \n is escaped)

# golangci-lint: 2.12.2

bad.go:4:6:asciicheck::identifier "Ä" contain non-ASCII character: U+00C4 'Ä'
