# Golden finding set — generated, do not hand-edit.
#
# Regenerate with: ./compat/golden/regen.sh gosec
# Produced by running golangci-lint on compat/golden/cases/gosec/.
# key = path:line:col:linter:severity:text  (no normalization; \n is escaped)

# golangci-lint: 2.12.2

bad/bad.go:5:2:gosec:medium:G502: Blocklisted import crypto/des: weak cryptographic primitive
bad/bad.go:6:2:gosec:medium:G501: Blocklisted import crypto/md5: weak cryptographic primitive
bad/bad.go:7:2:gosec:medium:G503: Blocklisted import crypto/rc4: weak cryptographic primitive
bad/bad.go:9:2:gosec:medium:G505: Blocklisted import crypto/sha1: weak cryptographic primitive
bad/bad.go:17:2:gosec:medium:G504: Blocklisted import net/http/cgi: Go versions < 1.6.3 are vulnerable to Httpoxy attack: (CVE-2016-5386)
bad/bad.go:18:2:gosec:high:G108: Profiling endpoint is automatically exposed on /debug/pprof
bad/bad.go:26:2:gosec:medium:G506: Blocklisted import golang.org/x/crypto/md4: deprecated and weak cryptographic primitive
bad/bad.go:27:2:gosec:medium:G507: Blocklisted import golang.org/x/crypto/ripemd160: deprecated and weak cryptographic primitive
bad/bad.go:40:6:gosec:medium:G401: Use of weak cryptographic primitive
bad/bad.go:41:6:gosec:medium:G401: Use of weak cryptographic primitive
bad/bad.go:42:6:gosec:high:G404: Use of weak random number generator (math/rand or math/rand/v2 instead of crypto/rand)
bad/bad.go:43:9:gosec:medium:G405: Use of weak cryptographic primitive
bad/bad.go:44:9:gosec:medium:G405: Use of weak cryptographic primitive
bad/bad.go:45:6:gosec:medium:G406: Use of deprecated weak cryptographic primitive
bad/bad.go:46:6:gosec:medium:G406: Use of deprecated weak cryptographic primitive
bad/bad.go:48:6:gosec:low:G103: Use of unsafe calls should be audited
bad/bad.go:51:6:gosec:medium:G106: Use of ssh InsecureIgnoreHostKey should be audited
bad/bad.go:52:6:gosec:medium:G114: Use of net/http serve function that has no support for setting timeouts
bad/bad.go:53:9:gosec:medium:G102: Binds to all network interfaces
bad/bad.go:54:9:gosec:medium:G102: Binds to all network interfaces
bad/bad.go:61:6:gosec:medium:G204: Subprocess launched with variable
bad/bad.go:61:18:gosec:high:G702: Command injection via taint analysis
bad/bad.go:62:6:gosec:medium:G204: Subprocess launched with a potential tainted input or cmd arguments
bad/bad.go:62:18:gosec:high:G702: Command injection via taint analysis
bad/bad.go:64:2:gosec:high:G101: Potential hardcoded credentials
bad/bad.go:66:2:gosec:high:G101: Potential hardcoded credentials: AWS API Key
bad/bad.go:69:2:gosec:low:G104: Errors unhandled
bad/bad.go:72:6:gosec:medium:G301: Expect directory permissions to be 0750 or less
bad/bad.go:73:6:gosec:medium:G301: Expect directory permissions to be 0750 or less
bad/bad.go:74:9:gosec:medium:G302: Expect file permissions to be 0600 or less
bad/bad.go:75:6:gosec:medium:G302: Expect file permissions to be 0600 or less
bad/bad.go:76:6:gosec:medium:G306: Expect WriteFile permissions to be 0600 or less
bad/bad.go:77:9:gosec:medium:G403: RSA keys should be at least 2048 bits
bad/bad.go:78:37:gosec:high:G402: TLS InsecureSkipVerify set to true.
bad/bad.go:79:6:gosec:medium:G111: Potential directory traversal
bad/bad.go:81:9:gosec:medium:G110: Potential DoS vulnerability via decompression bomb
bad/bad.go:82:9:gosec:medium:G110: Potential DoS vulnerability via decompression bomb
bad/bad.go:84:9:gosec:medium:G303: File creation in shared tmp directory without using ioutil.Tempfile
bad/bad.go:85:6:gosec:medium:G303: File creation in shared tmp directory without using ioutil.Tempfile
bad/bad.go:85:6:gosec:medium:G306: Expect WriteFile permissions to be 0600 or less
bad/bad.go:86:6:gosec:medium:G303: File creation in shared tmp directory without using ioutil.Tempfile
bad/bad.go:88:9:gosec:medium:G107: Potential HTTP request made with variable url
bad/bad.go:89:8:gosec:medium:G112: Potential Slowloris Attack because ReadHeaderTimeout is not configured in the http.Server
bad/bad.go:90:18:gosec:medium:G124: http.Cookie missing or has insecure Secure, HttpOnly, or SameSite attribute
bad/bad.go:93:6:gosec:high:G109: Potential Integer overflow made by strconv.Atoi result conversion to int16/32
bad/bad.go:93:11:gosec:high:G115: integer overflow conversion int -> int32
bad/bad.go:96:6:gosec:medium:G203: The used method does not auto-escape HTML. This can potentially lead to 'Cross-site Scripting' vulnerabilities, in case the attacker controls the input.
bad/bad.go:99:19:gosec:high:G122: Filesystem operation in filepath.Walk/WalkDir callback uses race-prone path; consider root-scoped APIs (e.g. os.Root) to prevent symlink TOCTOU traversal
bad/bad.go:108:20:gosec:high:G122: Filesystem operation in filepath.Walk/WalkDir callback uses race-prone path; consider root-scoped APIs (e.g. os.Root) to prevent symlink TOCTOU traversal
bad/bad.go:117:19:gosec:high:G122: Filesystem operation in filepath.Walk/WalkDir callback uses race-prone path; consider root-scoped APIs (e.g. os.Root) to prevent symlink TOCTOU traversal
bad/bad.go:121:10:gosec:medium:G304: Potential file inclusion via variable
bad/bad.go:121:21:gosec:high:G703: Path traversal via taint analysis
bad/bad.go:131:20:gosec:medium:G202: SQL string concatenation
bad/bad.go:137:2:gosec:low:G104: Errors unhandled
bad/bad.go:137:10:gosec:medium:G202: SQL string concatenation
bad/bad.go:145:22:gosec:medium:G202: SQL string concatenation
bad/bad.go:156:14:gosec:medium:G304: Potential file inclusion via variable
bad/bad.go:161:21:gosec:high:G703: Path traversal via taint analysis
bad/bad.go:172:15:gosec:medium:G304: Potential file inclusion via variable
bad/bad.go:179:21:gosec:high:G703: Path traversal via taint analysis
entropy/entropy.go:12:2:gosec:high:G101: Potential hardcoded credentials
entropy/entropy.go:13:2:gosec:high:G101: Potential hardcoded credentials
entropy/entropy.go:14:2:gosec:high:G101: Potential hardcoded credentials
entropy/entropy.go:15:2:gosec:high:G101: Potential hardcoded credentials
g115/g115.go:24:39:gosec:high:G115: integer overflow conversion int -> int32
g115/g115.go:26:45:gosec:high:G115: integer overflow conversion int64 -> int32
g115/g115.go:28:44:gosec:high:G115: integer overflow conversion int -> uint8
g115/g115.go:30:49:gosec:high:G115: integer overflow conversion uint64 -> int
g115/g115.go:32:50:gosec:high:G115: integer overflow conversion int -> int32
g115/g115.go:34:49:gosec:high:G115: integer overflow conversion int -> uint8
g115/g115.go:41:14:gosec:high:G115: integer overflow conversion int -> int32
g115/g115.go:50:14:gosec:high:G115: integer overflow conversion int -> uint8
g115/g115.go:144:14:gosec:high:G115: integer overflow conversion int -> uint8
g115/g115.go:155:45:gosec:high:G115: integer overflow conversion int -> uint32
g115/g115.go:159:43:gosec:high:G115: integer overflow conversion int -> uint8
g115/g115.go:163:44:gosec:high:G115: integer overflow conversion int -> int32
g115/g115.go:165:43:gosec:high:G115: integer overflow conversion int -> uint8
g115/g115.go:194:14:gosec:high:G115: integer overflow conversion int64 -> int32
g115/g115.go:214:53:gosec:high:G115: integer overflow conversion int -> uint32
g117/g117.go:25:29:gosec:medium:G117: Marshaled struct field "Password" (JSON key "password") matches secret pattern
g117/g117.go:28:35:gosec:medium:G117: Marshaled struct field "Password" (JSON key "password") matches secret pattern
g117/g117.go:31:40:gosec:medium:G117: Marshaled struct field "Password" (JSON key "password") matches secret pattern
g117/g117.go:41:36:gosec:medium:G117: Marshaled struct field "Secret" (JSON key "harmless") matches secret pattern
g117/g117.go:96:25:gosec:medium:G117: Marshaled struct field "Password" (JSON key "password") matches secret pattern
g117/g117.go:99:25:gosec:medium:G117: Marshaled struct field "Password" (JSON key "password") matches secret pattern
g117/g117.go:102:23:gosec:medium:G117: Marshaled struct field "Password" (JSON key "password") matches secret pattern
g117/g117.go:157:28:gosec:medium:G117: Marshaled struct field "Password" (XML key "Password") matches secret pattern
g117/g117.go:160:29:gosec:medium:G117: Marshaled struct field "Password" (YAML key "Password") matches secret pattern
g117/g117.go:164:40:gosec:medium:G117: Marshaled struct field "Password" (TOML key "Password") matches secret pattern
g117/g117.go:173:28:gosec:medium:G117: Marshaled struct field "Password" (JSON key "Password") matches secret pattern
g117/g117.go:180:29:gosec:medium:G117: Marshaled struct field "Password" (JSON key "pass") matches secret pattern
g117/g117.go:187:30:gosec:medium:G117: Marshaled struct field "Password" (JSON key "Password") matches secret pattern
g117/g117.go:190:37:gosec:medium:G117: Marshaled struct field "Password" (JSON key "password") matches secret pattern
g118/g118.go:22:33:gosec:medium:G118: context cancellation function returned by WithCancel/WithTimeout/WithDeadline is not called
g118/g118.go:33:28:gosec:medium:G118: context cancellation function returned by WithCancel/WithTimeout/WithDeadline is not called
g118/g118.go:38:34:gosec:medium:G118: context cancellation function returned by WithCancel/WithTimeout/WithDeadline is not called
g118/g118.go:49:33:gosec:medium:G118: context cancellation function returned by WithCancel/WithTimeout/WithDeadline is not called
g118/g118.go:61:33:gosec:medium:G118: context cancellation function returned by WithCancel/WithTimeout/WithDeadline is not called
g118/g118.go:136:33:gosec:medium:G118: context cancellation function returned by WithCancel/WithTimeout/WithDeadline is not called
g118/g118.go:147:2:gosec:high:G118: Goroutine uses context.Background/TODO while request-scoped context is available
g118/g118.go:151:2:gosec:high:G118: Goroutine uses context.Background/TODO while request-scoped context is available
g118/g118.go:176:13:gosec:high:G118: Long-running loop performs calls without a ctx.Done() cancellation guard
g123/g123.go:26:24:gosec:high:G123: tls.Config uses VerifyPeerCertificate while session resumption may remain enabled and VerifyConnection is not set; resumed sessions can bypass custom certificate checks
g123/g123.go:46:4:gosec:high:G123: tls.Config uses VerifyPeerCertificate while session resumption may remain enabled and VerifyConnection is not set; resumed sessions can bypass custom certificate checks
g123/g123.go:70:21:gosec:high:G123: tls.Config uses VerifyPeerCertificate while session resumption may remain enabled and VerifyConnection is not set; resumed sessions can bypass custom certificate checks
g123/g123.go:71:46:gosec:high:G123: tls.Config uses VerifyPeerCertificate while session resumption may remain enabled and VerifyConnection is not set; resumed sessions can bypass custom certificate checks
g123/g123.go:82:8:gosec:high:G123: tls.Config uses VerifyPeerCertificate while session resumption may remain enabled and VerifyConnection is not set; resumed sessions can bypass custom certificate checks
g304/g304.go:22:49:gosec:medium:G304: Potential file inclusion via variable
g304/g304.go:34:58:gosec:medium:G304: Potential file inclusion via variable
g304/g304.go:46:9:gosec:medium:G304: Potential file inclusion via variable
g304/g304.go:57:53:gosec:medium:G304: Potential file inclusion via variable
g304/g304.go:63:50:gosec:medium:G304: Potential file inclusion via variable
g304/g304.go:65:52:gosec:medium:G304: Potential file inclusion via variable
g304/g304.go:86:52:gosec:medium:G304: Potential file inclusion via variable
g304/g304.go:89:60:gosec:medium:G304: Potential file inclusion via variable
g304/g304.go:109:12:gosec:medium:G304: Potential file inclusion via variable
g304/g304.go:124:9:gosec:medium:G304: Potential file inclusion via variable
g602/g602.go:10:8:gosec:low:G602: slice bounds out of range
g602/g602.go:16:10:gosec:low:G602: slice index out of range
g602/g602.go:22:10:gosec:low:G602: slice index out of range
g7xx/g7xx.go:37:6:gosec:medium:G204: Subprocess launched with a potential tainted input or cmd arguments
g7xx/g7xx.go:37:18:gosec:high:G702: Command injection via taint analysis
g7xx/g7xx.go:42:6:gosec:medium:G204: Subprocess launched with a potential tainted input or cmd arguments
g7xx/g7xx.go:42:18:gosec:high:G702: Command injection via taint analysis
g7xx/g7xx.go:50:6:gosec:medium:G204: Subprocess launched with a potential tainted input or cmd arguments
g7xx/g7xx.go:50:18:gosec:high:G702: Command injection via taint analysis
g7xx/g7xx.go:55:6:gosec:medium:G204: Subprocess launched with a potential tainted input or cmd arguments
g7xx/g7xx.go:55:18:gosec:high:G702: Command injection via taint analysis
g7xx/g7xx.go:62:6:gosec:medium:G204: Subprocess launched with a potential tainted input or cmd arguments
g7xx/g7xx.go:62:18:gosec:high:G702: Command injection via taint analysis
g7xx/g7xx.go:69:6:gosec:medium:G204: Subprocess launched with a potential tainted input or cmd arguments
g7xx/g7xx.go:69:18:gosec:high:G702: Command injection via taint analysis
g7xx/g7xx.go:80:6:gosec:medium:G204: Subprocess launched with a potential tainted input or cmd arguments
g7xx/g7xx.go:93:6:gosec:medium:G204: Subprocess launched with variable
g7xx/g7xx.go:102:6:gosec:medium:G204: Subprocess launched with variable
g7xx/g7xx.go:118:9:gosec:medium:G204: Subprocess launched with variable
g7xx/g7xx.go:118:21:gosec:high:G702: Command injection via taint analysis
g7xx/g7xx.go:125:17:gosec:high:G703: Path traversal via taint analysis
g7xx/g7xx.go:144:10:gosec:medium:G304: Potential file inclusion via variable
g7xx/g7xx.go:144:17:gosec:high:G703: Path traversal via taint analysis
g7xx/g7xx.go:150:16:gosec:high:G703: Path traversal via taint analysis
g7xx/g7xx.go:162:17:gosec:high:G703: Path traversal via taint analysis
g7xx/g7xx.go:170:14:gosec:medium:G304: Potential file inclusion via variable
g7xx/g7xx.go:174:21:gosec:high:G703: Path traversal via taint analysis
g7xx/g7xx.go:189:13:gosec:low:G706: Log injection via taint analysis
g7xx/g7xx.go:205:11:gosec:low:G706: Log injection via taint analysis
g7xx/g7xx.go:216:12:gosec:low:G706: Log injection via taint analysis
g7xx/g7xx.go:221:13:gosec:low:G706: Log injection via taint analysis
g7xx/g7xx.go:253:12:gosec:low:G706: Log injection via taint analysis
g7xx/g7xx.go:266:15:gosec:medium:G710: Open redirect via taint analysis
g7xx/g7xx.go:282:15:gosec:medium:G710: Open redirect via taint analysis
g7xx/g7xx.go:299:2:gosec:low:G104: Errors unhandled
g7xx/g7xx.go:299:9:gosec:medium:G705: XSS via taint analysis
g7xx/g7xx.go:304:13:gosec:medium:G705: XSS via taint analysis
g7xx/g7xx.go:309:12:gosec:medium:G705: XSS via taint analysis
g7xx/g7xx.go:310:14:gosec:medium:G705: XSS via taint analysis
g7xx/g7xx.go:316:2:gosec:low:G104: Errors unhandled
g7xx/g7xx.go:316:16:gosec:medium:G705: XSS via taint analysis
g7xx/g7xx.go:325:13:gosec:medium:G705: XSS via taint analysis
g7xx/g7xx.go:330:2:gosec:low:G104: Errors unhandled
g7xx/g7xx.go:330:9:gosec:medium:G705: XSS via taint analysis
g7xx/g7xx.go:347:2:gosec:low:G104: Errors unhandled
g7xx/g7xx.go:364:2:gosec:low:G104: Errors unhandled
g7xx/g7xx.go:369:2:gosec:low:G104: Errors unhandled
g7xx/g7xx.go:389:13:gosec:medium:G705: XSS via taint analysis
g7xx/g7xx.go:400:9:gosec:medium:G203: The used method does not auto-escape HTML. This can potentially lead to 'Cross-site Scripting' vulnerabilities, in case the attacker controls the input.
g7xx/g7xx.go:458:15:gosec:medium:G710: Open redirect via taint analysis
g7xx/g7xx.go:520:26:gosec:medium:G120: Unbounded form parsing in HTTP handlers can cause memory exhaustion
g7xx/g7xx.go:548:26:gosec:medium:G120: Unbounded form parsing in HTTP handlers can cause memory exhaustion
g7xx/g7xx.go:560:26:gosec:medium:G120: Unbounded form parsing in HTTP handlers can cause memory exhaustion
nosec/nosec.go:27:7:gosec:high:G101: Potential hardcoded credentials
nosec/nosec.go:31:5:gosec:high:G101: Potential hardcoded credentials
nosec/nosec.go:36:7:gosec:high:G101: Potential hardcoded credentials
nosec/nosec.go:44:5:gosec:high:G101: Potential hardcoded credentials
nosec/nosec.go:49:2:gosec:high:G101: Potential hardcoded credentials
nosec/nosec.go:79:10:gosec:high:G101: Potential hardcoded credentials
nosec/nosec.go:86:10:gosec:high:G101: Potential hardcoded credentials
nosec/nosec.go:113:10:gosec:high:G101: Potential hardcoded credentials
nosec/nosec.go:128:9:gosec:high:G101: Potential hardcoded credentials
ok/ok.go:170:11:gosec:medium:G304: Potential file inclusion via variable
ok/ok.go:287:16:gosec:medium:G304: Potential file inclusion via variable
ok/ok.go:315:15:gosec:medium:G304: Potential file inclusion via variable
scores/scores.go:3:8:gosec:medium:G501: Blocklisted import crypto/md5: weak cryptographic primitive
scores/scores.go:7:7:gosec:high:G101: Potential hardcoded credentials
scores/scores.go:13:6:gosec:medium:G401: Use of weak cryptographic primitive
settings/settings.go:3:8:gosec:medium:G501: Blocklisted import crypto/md5: weak cryptographic primitive
settings/settings.go:6:6:gosec:medium:G401: Use of weak cryptographic primitive
