# Golden finding set — generated, do not hand-edit.
#
# Regenerate with: ./compat/golden/regen.sh fatcontext
# Produced by running golangci-lint on compat/golden/cases/fatcontext/.
# key = path:line:col:linter:severity:text  (no normalization; \n is escaped)

# golangci-lint: 2.12.2

bad.go:7:3:fatcontext::nested context in loop
