# Golden finding set — generated, do not hand-edit.
#
# Regenerate with: ./compat/golden/regen.sh fatcontext
# Produced by running golangci-lint on compat/golden/cases/fatcontext/.
# key = path:line:col:linter:severity:text  (no normalization; \n is escaped)

# golangci-lint: 2.12.2

bad.go:11:3:fatcontext::nested context in loop
bad.go:19:3:fatcontext::nested context in function literal
bad.go:36:2:fatcontext::potential nested context in struct pointer
scope.go:59:2:fatcontext::nested context in function literal
scope.go:79:3:fatcontext::nested context in loop
scope.go:87:3:fatcontext::nested context in loop
