# Golden finding set — generated, do not hand-edit.
#
# Regenerate with: ./compat/golden/regen.sh govet-fieldalignment
# Produced by running golangci-lint on compat/golden/cases/govet-fieldalignment/.
# key = path:line:col:linter:severity:text  (no normalization; \n is escaped)

# golangci-lint: 2.12.2

fieldalignment/bad.go:16:24:govet::fieldalignment: struct of size 24 could be 16
fieldalignment/bad.go:23:20:govet::fieldalignment: struct of size 40 could be 32
fieldalignment/bad.go:30:19:govet::fieldalignment: struct of size 24 could be 16
fieldalignment/bad.go:36:22:govet::fieldalignment: struct of size 32 could be 24
fieldalignment/bad.go:45:4:govet::fieldalignment: struct of size 24 could be 16
fieldalignment/bad.go:55:23:govet::fieldalignment: struct with 16 pointer bytes could be 8
fieldalignment/bad.go:61:20:govet::fieldalignment: struct with 24 pointer bytes could be 16
fieldalignment/bad.go:66:21:govet::fieldalignment: struct with 24 pointer bytes could be 16
fieldalignment/bad.go:74:20:govet::fieldalignment: struct of size 32 could be 24
fieldalignment/bad.go:80:14:govet::fieldalignment: struct with 24 pointer bytes could be 16
fieldalignment/bad.go:85:16:govet::fieldalignment: struct with 16 pointer bytes could be 8
fieldalignment/bad.go:90:22:govet::fieldalignment: struct with 32 pointer bytes could be 24
fieldalignment/bad.go:97:17:govet::fieldalignment: struct with 16 pointer bytes could be 8
fieldalignment/bad.go:105:25:govet::fieldalignment: struct with 24 pointer bytes could be 16
