# Golden finding set — generated, do not hand-edit.
#
# Regenerate with: ./compat/golden/regen.sh embeddedstructfieldcheck
# Produced by running golangci-lint on compat/golden/cases/embeddedstructfieldcheck/.
# key = path:line:col:linter:severity:text  (no normalization; \n is escaped)

# golangci-lint: 2.12.2

bad.go:9:2:embeddedstructfieldcheck::embedded fields should be listed before regular fields
