# Golden finding set — generated, do not hand-edit.
#
# Regenerate with: ./compat/golden/regen.sh unqueryvet
# Produced by running golangci-lint on compat/golden/cases/unqueryvet/.
# key = path:line:col:linter:severity:text  (no normalization; \n is escaped)

# golangci-lint: 2.12.2

bad.go:4:6:unqueryvet::avoid SELECT * - explicitly specify needed columns for better performance, maintainability and stability
