# Golden finding set — generated, do not hand-edit.
#
# Regenerate with: ./compat/golden/regen.sh exhaustruct-v5-paren-tags
# Produced by running golangci-lint on compat/golden/cases/exhaustruct-v5-paren-tags/.
# key = path:line:col:linter:severity:text  (no normalization; \n is escaped)

# golangci-lint: 2.14.0

types/paren_tags/paren_tags.go:7:15:exhaustruct_v5::struct tag "exhaustruct" is not supported anymore, use comment directives
types/paren_tags/paren_tags.go:11:15:exhaustruct_v5::struct tag "exhaustruct" is not supported anymore, use comment directives
