# Golden finding set — generated, do not hand-edit.
#
# Regenerate with: ./compat/golden/regen.sh severity-default
# Produced by running golangci-lint on compat/golden/cases/severity-default/.
# key = path:line:col:linter:severity:text  (no normalization; \n is escaped)

# golangci-lint: 2.12.2

cmd/cmd.go:20:2:gosec:error:G104: Errors unhandled
cmd/cmd.go:20:7:errcheck:error:Error return value is not checked
cmd/cmd.go:21:2:gosec:error:G104: Errors unhandled
cmd/cmd.go:21:9:errcheck:error:Error return value of `f.Close` is not checked
cmd/cmd.go:23:14:govet:error:printf: fmt.Printf format %d has arg "not a number" of wrong type string
cmd/cmd.go:25:2:ineffassign:error:ineffectual assignment to n
internal/tool/tool.go:12:2:gosec:error:G104: Errors unhandled
internal/tool/tool.go:12:7:errcheck:error:Error return value is not checked
internal/tool/tool.go:14:14:govet:error:printf: fmt.Printf format %d has arg "not a number" of wrong type string
presetdoc/presetdoc.go:1:1:revive:error:package-comments: package comment should be of the form "Package presetdoc ..."
presetdoc/presetdoc.go:1:1:staticcheck:error:ST1000: package comment should be of the form "Package presetdoc..."
presets/presets.go:10:1:revive:error:package-comments: should have a package comment
presets/presets.go:10:1:staticcheck:error:ST1000: at least one file in a package should have a package comment
presets/presets.go:18:1:revive:error:exported: comment on exported function Exported should be of the form "Exported ..."
presets/presets.go:22:1:revive:error:exported: exported function Undocumented should have comment or be unexported
presets/presets.go:26:6:gosec:error:G301: Expect directory permissions to be 0750 or less
presets/presets.go:34:9:gosec:error:G204: Subprocess launched with variable
presets/presets.go:40:16:gosec:error:G103: Use of unsafe calls should be audited
presets/presets.go:40:16:govet:error:unsafeptr: possible misuse of unsafe.Pointer
presets/presets.go:49:4:staticcheck:error:SA4011: ineffective break statement. Did you mean to break out of the outer loop?
source/source.go:10:2:gosec:error:G104: Errors unhandled
source/source.go:10:7:errcheck:error:Error return value is not checked
source/source.go:11:2:gosec:error:G104: Errors unhandled
source/source.go:11:7:errcheck:error:Error return value is not checked
