# Golden finding set — generated, do not hand-edit.
#
# Regenerate with: ./compat/golden/regen.sh iface-gcl-unusedmethod
# Produced by running golangci-lint on compat/golden/cases/iface-gcl-unusedmethod/.
# key = path:line:col:linter:severity:text  (no normalization; \n is escaped)

# golangci-lint: 2.14.0

iface_unusedmethod.go:7:2:iface::unusedmethod: method 'MustSendMessage()' is declared on interface 'MessageSender' but not used within the package
iface_unusedmethod.go:10:2:iface::unusedmethod: method 'Close()' is declared on interface 'MessageSender' but not used within the package
