# Golden finding set — generated, do not hand-edit.
#
# Regenerate with: ./compat/golden/regen.sh goconst-v214-dont-ignore-test
# Produced by running golangci-lint on compat/golden/cases/goconst-v214-dont-ignore-test/.
# key = path:line:col:linter:severity:text  (no normalization; \n is escaped)

# golangci-lint: 2.14.0

goconst_dont_ignore_test.go:10:7:goconst::string `needconst` has 5 occurrences, make it a constant
goconst_dont_ignore_test.go:28:7:goconst::string `alreadyhasconst` has 3 occurrences, but such constant `AlreadyHasConst` already exists
