# Golden finding set — generated, do not hand-edit.
#
# Regenerate with: ./compat/golden/regen.sh wastedassign
# Produced by running golangci-lint on compat/golden/cases/wastedassign/.
# key = path:line:col:linter:severity:text  (no normalization; \n is escaped)

# golangci-lint: 2.12.2

bad.go:4:2:wastedassign::assigned to n, but reassigned without using the value
bad.go:6:3:wastedassign::assigned to n, but reassigned without using the value
bad.go:51:5:wastedassign::assigned to line, but never used afterwards
bad.go:101:6:wastedassign::assigned to n, but reassigned without using the value
bad.go:175:2:wastedassign::assigned to x, but reassigned without using the value
bad.go:202:7:wastedassign::assigned to exists, but reassigned without using the value
bad.go:215:2:wastedassign::assigned to v, but reassigned without using the value
bad.go:215:5:wastedassign::assigned to ok, but reassigned without using the value
bad.go:230:2:wastedassign::assigned to name, but never used afterwards
bad.go:236:2:wastedassign::assigned to s, but never used afterwards
bad.go:242:2:wastedassign::assigned to s, but reassigned without using the value
bad.go:262:2:wastedassign::assigned to x, but reassigned without using the value
bad.go:268:2:wastedassign::assigned to x, but reassigned without using the value
bad.go:276:7:wastedassign::assigned to exists, but reassigned without using the value
bad.go:327:12:wastedassign::assigned to s, but reassigned without using the value
bad.go:337:21:wastedassign::assigned to m, but reassigned without using the value
bad.go:349:2:wastedassign::assigned to p, but reassigned without using the value
blank/blank.go:75:2:wastedassign::assigned to v, but reassigned without using the value
blank/blank.go:77:7:wastedassign::assigned to v, but reassigned without using the value
