# Golden finding set — generated, do not hand-edit.
#
# Regenerate with: ./compat/golden/regen.sh err113
# Produced by running golangci-lint on compat/golden/cases/err113/.
# key = path:line:col:linter:severity:text  (no normalization; \n is escaped)

# golangci-lint: 2.12.2

bad.go:11:9:err113::do not define dynamic errors, use wrapped static errors instead: "errors.New(\\"dynamic\\")"
bad.go:19:9:err113::do not compare errors directly "err == ErrSentinel", use "errors.Is(err, ErrSentinel)" instead
bad.go:23:9:err113::do not compare errors directly "err != ErrSentinel", use "!errors.Is(err, ErrSentinel)" instead
