# Golden finding set — generated, do not hand-edit.
#
# Regenerate with: ./compat/golden/regen.sh whitespace
# Produced by running golangci-lint on compat/golden/cases/whitespace/.
# key = path:line:col:linter:severity:text  (no normalization; \n is escaped)

# golangci-lint: 2.12.2

bad.go:3:13:whitespace::unnecessary leading newline
bad.go:9:1:whitespace::unnecessary trailing newline
