# Golden finding set — generated, do not hand-edit.
#
# Regenerate with: ./compat/golden/regen.sh perfsprint
# Produced by running golangci-lint on compat/golden/cases/perfsprint/.
# key = path:line:col:linter:severity:text  (no normalization; \n is escaped)

# golangci-lint: 2.12.2

bad.go:12:9:perfsprint::string-format: fmt.Sprintf can be replaced with just using the string
bad.go:16:9:perfsprint::integer-format: fmt.Sprintf can be replaced with faster strconv.Itoa
bad.go:24:9:perfsprint::error-format: fmt.Errorf can be replaced with errors.New
bad.go:32:9:perfsprint::bool-format: fmt.Sprintf can be replaced with faster strconv.FormatBool
bad.go:36:20:perfsprint::string-format: fmt.Sprintf can be replaced with just using the string
