# Golden finding set — generated, do not hand-edit.
#
# Regenerate with: ./compat/golden/regen.sh forbidigo-pkg-types
# Produced by running golangci-lint on compat/golden/cases/forbidigo-pkg-types/.
# key = path:line:col:linter:severity:text  (no normalization; \n is escaped)

# golangci-lint: 2.12.2

pkgfilter.go:14:2:forbidigo::use of `fmt.Println` forbidden by pattern `^fmt\\.Println$`
pkgfilter.go:15:6:forbidigo::use of `strings.ToUpper` forbidden by pattern `^strings\\.ToUpper$`
pkgfilter.go:16:2:forbidigo::use of `println` forbidden by pattern `^println$`
pkgfilter.go:18:9:forbidigo::use of `user.Current` forbidden by pattern `^user\\.Current$`
pkgfilter.go:19:9:forbidigo::use of `user.Lookup` forbidden by pattern `^user\\.Lookup$`
