# Golden finding set — generated, do not hand-edit.
#
# Regenerate with: ./compat/golden/regen.sh exhaustruct-v5-allow-empty-returns
# Produced by running golangci-lint on compat/golden/cases/exhaustruct-v5-allow-empty-returns/.
# key = path:line:col:linter:severity:text  (no normalization; \n is escaped)

# golangci-lint: 2.14.0

config/allow_empty/returns/returns.go:34:6:exhaustruct_v5::returns.TestStruct is missing fields A, B
config/allow_empty/returns/returns.go:38:19:exhaustruct_v5::returns.TestStruct is missing fields A, B
