# Golden finding set — generated, do not hand-edit.
#
# Regenerate with: ./compat/golden/regen.sh noinlineerr
# Produced by running golangci-lint on compat/golden/cases/noinlineerr/.
# key = path:line:col:linter:severity:text  (no normalization; \n is escaped)

# golangci-lint: 2.12.2

bad.go:6:5:noinlineerr::avoid inline error handling using `if err := ...; err != nil`; use plain assignment `err := ...`
