# Golden finding set — generated, do not hand-edit.
#
# Regenerate with: ./compat/golden/regen.sh gochecksumtype
# Produced by running golangci-lint on compat/golden/cases/gochecksumtype/.
# key = path:line:col:linter:severity:text  (no normalization; \n is escaped)

# golangci-lint: 2.12.2

bad.go:13:2:gochecksumtype::exhaustiveness check failed for sum type "S" (from bad.go:4:6): missing cases for B
bad.go:33:2:gochecksumtype::exhaustiveness check failed for sum type "T" (from bad.go:22:6): missing cases for X, Y
