# Golden finding set — generated, do not hand-edit.
#
# Regenerate with: ./compat/golden/regen.sh revive-cognitive-max3
# Produced by running golangci-lint on compat/golden/cases/revive-cognitive-max3/.
# key = path:line:col:linter:severity:text  (no normalization; \n is escaped)

# golangci-lint: 2.12.2

cognitivecomplexity/cognitive_complexity.go:60:1:revive:warning:cognitive-complexity: function funcLitTwoDeep has cognitive complexity 5 (> max enabled 3)
cognitivecomplexity/cognitive_complexity.go:90:1:revive:warning:cognitive-complexity: function labeledBreak has cognitive complexity 4 (> max enabled 3)
cognitivecomplexity/cognitive_complexity.go:100:1:revive:warning:cognitive-complexity: function nestedIf has cognitive complexity 6 (> max enabled 3)
cognitivecomplexity/cognitive_complexity.go:111:1:revive:warning:cognitive-complexity: function deepMix has cognitive complexity 21 (> max enabled 3)
cognitivecomplexity/cognitive_complexity.go:127:1:revive:warning:cognitive-complexity: function overDefault has cognitive complexity 8 (> max enabled 3)
