# Golden finding set — generated, do not hand-edit.
#
# Regenerate with: ./compat/golden/regen.sh errorlint
# Produced by running golangci-lint on compat/golden/cases/errorlint/.
# key = path:line:col:linter:severity:text  (no normalization; \n is escaped)

# golangci-lint: 2.12.2

bad/bad.go:8:9:errorlint::comparing with == will fail on wrapped errors. Use errors.Is to check for a specific error
bad/bad.go:25:16:errorlint::type assertion on error will fail on wrapped errors. Use errors.As to check for specific errors
bad/bad.go:33:11:errorlint::type assertion on error will fail on wrapped errors. Use errors.As to check for specific errors
bad/bad.go:38:19:errorlint::type assertion on error will fail on wrapped errors. Use errors.As to check for specific errors
bad/bad.go:45:16:errorlint::type assertion on error will fail on wrapped errors. Use errors.As to check for specific errors
bad/bad.go:53:9:errorlint::type assertion on error will fail on wrapped errors. Use errors.As to check for specific errors
errorf/errorf.go:29:80:errorlint::non-wrapping format verb for fmt.Errorf. Use `%w` to format errors
errorf/errorf.go:31:56:errorlint::non-wrapping format verb for fmt.Errorf. Use `%w` to format errors
errorf/errorf.go:36:56:errorlint::non-wrapping format verb for fmt.Errorf. Use `%w` to format errors
errorf/errorf.go:41:66:errorlint::non-wrapping format verb for fmt.Errorf. Use `%w` to format errors
errorf/errorf.go:57:74:errorlint::non-wrapping format verb for fmt.Errorf. Use `%w` to format errors
errorf/errorf.go:60:70:errorlint::non-wrapping format verb for fmt.Errorf. Use `%w` to format errors
errorf/errorf.go:62:56:errorlint::non-wrapping format verb for fmt.Errorf. Use `%w` to format errors
errorf/errorf.go:66:62:errorlint::non-wrapping format verb for fmt.Errorf. Use `%w` to format errors
errorf/errorf.go:70:67:errorlint::non-wrapping format verb for fmt.Errorf. Use `%w` to format errors
errorf/errorf.go:72:58:errorlint::non-wrapping format verb for fmt.Errorf. Use `%w` to format errors
errorf/errorf.go:74:75:errorlint::non-wrapping format verb for fmt.Errorf. Use `%w` to format errors
errorf/errorf.go:76:72:errorlint::non-wrapping format verb for fmt.Errorf. Use `%w` to format errors
errorf/errorf.go:79:70:errorlint::non-wrapping format verb for fmt.Errorf. Use `%w` to format errors
errorf/errorf.go:81:68:errorlint::non-wrapping format verb for fmt.Errorf. Use `%w` to format errors
errorf/errorf.go:85:60:errorlint::non-wrapping format verb for fmt.Errorf. Use `%w` to format errors
errorf/errorf.go:85:77:errorlint::non-wrapping format verb for fmt.Errorf. Use `%w` to format errors
errorf/errorf.go:87:61:errorlint::non-wrapping format verb for fmt.Errorf. Use `%w` to format errors
errorf/errorf.go:89:60:errorlint::non-wrapping format verb for fmt.Errorf. Use `%w` to format errors
errorf/errorf.go:98:47:errorlint::comparing with == will fail on wrapped errors. Use errors.Is to check for a specific error
errorf/errorf.go:102:45:errorlint::type assertion on error will fail on wrapped errors. Use errors.As to check for specific errors
errorf/errorf.go:107:9:errorlint::type switch on error will fail on wrapped errors. Use errors.As to check for specific errors
errorf/errorf.go:119:9:errorlint::type switch on error will fail on wrapped errors. Use errors.As to check for specific errors
errorf/errorf.go:128:14:errorlint::type switch on error will fail on wrapped errors. Use errors.As to check for specific errors
errorf/errorf.go:138:9:errorlint::type switch on error will fail on wrapped errors. Use errors.As to check for specific errors
