# Golden finding set — generated, do not hand-edit.
#
# Regenerate with: ./compat/golden/regen.sh wsl-v5
# Produced by running golangci-lint on compat/golden/cases/wsl-v5/.
# key = path:line:col:linter:severity:text  (no normalization; \n is escaped)

# golangci-lint: 2.14.0

bad/bad.go:6:2:wsl_v5::missing whitespace above this line (too many statements above if)
bad/bad.go:10:3:wsl_v5::missing whitespace above this line (too many lines above return)
bad/bad.go:12:2:wsl_v5::missing whitespace above this line (invalid statement above assign)
bad/bad.go:83:1:wsl_v5::unnecessary whitespace (err)
bad/bad.go:98:1:wsl_v5::unnecessary whitespace (leading-whitespace)
bad/bad.go:106:1:wsl_v5::unnecessary whitespace (trailing-whitespace)
upstream/if.go:7:2:wsl_v5::missing whitespace above this line (too many statements above if)
upstream/if.go:18:2:wsl_v5::missing whitespace above this line (no shared variables above if)
upstream/if.go:27:1:wsl_v5::unnecessary whitespace (err)
upstream/if.go:37:2:wsl_v5::missing whitespace above this line (invalid statement above if)
upstream/if.go:55:3:wsl_v5::missing whitespace above this line (too many lines above return)
upstream/if.go:59:3:wsl_v5::missing whitespace above this line (too many lines above return)
upstream/if.go:63:3:wsl_v5::missing whitespace above this line (too many lines above return)
upstream/if.go:82:2:wsl_v5::missing whitespace above this line (never cuddle label)
upstream/if.go:84:3:wsl_v5::missing whitespace above this line (too many statements above if)
