# Golden finding set — generated, do not hand-edit.
#
# Regenerate with: ./compat/golden/regen.sh funcorder
# Produced by running golangci-lint on compat/golden/cases/funcorder/.
# key = path:line:col:linter:severity:text  (no normalization; \n is escaped)

# golangci-lint: 2.12.2

bad.go:3:1:funcorder::constructor "NewT" for struct "T" should be placed after the struct declaration
