# Golden finding set — generated, do not hand-edit.
#
# Regenerate with: ./compat/golden/regen.sh forbidigo-msg
# Produced by running golangci-lint on compat/golden/cases/forbidigo-msg/.
# key = path:line:col:linter:severity:text  (no normalization; \n is escaped)

# golangci-lint: 2.12.2

bad.go:6:2:forbidigo::use of `fmt.Println` forbidden because "Please define util package and use util.Println \\"quoted\\" instead."
bad.go:7:2:forbidigo::use of `fmt.Printf` forbidden by pattern `^fmt\\.Printf$`
