# Golden finding set — generated, do not hand-edit.
#
# Regenerate with: ./compat/golden/regen.sh run-go-122
# Produced by running golangci-lint on compat/golden/cases/run-go-122/.
# key = path:line:col:linter:severity:text  (no normalization; \n is escaped)

# golangci-lint: 2.12.2

gover/gover.go:17:7:errcheck::Error return value is not checked
