# Golden finding set — generated, do not hand-edit.
#
# Regenerate with: ./compat/golden/regen.sh arangolint
# Produced by running golangci-lint on compat/golden/cases/arangolint/.
# key = path:line:col:linter:severity:text  (no normalization; \n is escaped)

# golangci-lint: 2.12.2

bad.go:10:69:arangolint::missing AllowImplicit option
bad.go:18:5:arangolint::missing AllowImplicit option
